{
  "name": "Stephen King",
  "slug": "stephen-king",
  "sortName": "King, Stephen"
}
