{
  "authors": [
    {
      "notes": null,
      "slug": "richard-laymon"
    }
  ],
  "includedWorks": [],
  "kind": "Novel",
  "slug": "the-cellar-by-richard-laymon",
  "sortTitle": "Cellar",
  "subtitle": null,
  "title": "The Cellar",
  "year": "1980"
}
