"{\n    \"sequence\": 1,\n    \"work_slug\": \"the-cellar-by-richard-laymon\",\n    \"edition\": \"Kindle\",\n    \"timeline\": [\n        {\n            \"date\": \"2016-03-10\",\n            \"progress\": \"15%\"\n        },\n        {\n            \"date\": \"2016-03-11\",\n            \"progress\": \"50%\"\n        },\n        {\n            \"date\": \"2016-03-12\",\n            \"progress\": \"Finished\"\n        }\n    ],\n    \"edition_notes\": null\n}"
