[
  {
    "authors": [
      {
        "name": "Stephen King",
        "slug": "stephen-king",
        "sortName": "King, Stephen"
      }
    ],
    "edition": "Kindle",
    "includedInSlugs": [],
    "kind": "Nonfiction",
    "progress": "Finished",
    "readingEntryDate": "2016-03-12",
    "readingEntrySequence": 3,
    "reviewed": true,
    "slug": "on-writing-by-stephen-king",
    "title": "On Writing",
    "workYear": "2000"
  },
  {
    "authors": [
      {
        "name": "Stephen King",
        "slug": "stephen-king",
        "sortName": "King, Stephen"
      }
    ],
    "edition": "Kindle",
    "includedInSlugs": [],
    "kind": "Nonfiction",
    "progress": "50%",
    "readingEntryDate": "2016-03-11",
    "readingEntrySequence": 2,
    "reviewed": true,
    "slug": "on-writing-by-stephen-king",
    "title": "On Writing",
    "workYear": "2000"
  },
  {
    "authors": [
      {
        "name": "Stephen King",
        "slug": "stephen-king",
        "sortName": "King, Stephen"
      }
    ],
    "edition": "Kindle",
    "includedInSlugs": [],
    "kind": "Nonfiction",
    "progress": "15%",
    "readingEntryDate": "2016-03-10",
    "readingEntrySequence": 1,
    "reviewed": true,
    "slug": "on-writing-by-stephen-king",
    "title": "On Writing",
    "workYear": "2000"
  }
]
