[
  {
    "authors": [
      {
        "name": "Stephen King",
        "notes": null,
        "slug": "stephen-king",
        "sortName": "King, Stephen"
      }
    ],
    "includedInSlugs": [],
    "kind": "Novel",
    "slug": "the-stand-by-stephen-king",
    "sortTitle": "Stand",
    "subtitle": null,
    "title": "The Stand",
    "yearPublished": "1978"
  }
]
