[
  {
    "authorSequence": 2,
    "authors": [
      {
        "name": "Stephen King",
        "slug": "stephen-king",
        "sortName": "King, Stephen"
      }
    ],
    "edition": "Kindle",
    "includedInSlugs": [],
    "kind": "Nonfiction",
    "progress": "Finished",
    "reviewed": true,
    "slug": "on-writing-by-stephen-king",
    "timelineDate": "2016-03-12",
    "timelineSequence": 3,
    "title": "On Writing",
    "titleSequence": 1,
    "workYear": "2000",
    "workYearSequence": 2
  },
  {
    "authorSequence": 2,
    "authors": [
      {
        "name": "Stephen King",
        "slug": "stephen-king",
        "sortName": "King, Stephen"
      }
    ],
    "edition": "Kindle",
    "includedInSlugs": [],
    "kind": "Nonfiction",
    "progress": "50%",
    "reviewed": true,
    "slug": "on-writing-by-stephen-king",
    "timelineDate": "2016-03-11",
    "timelineSequence": 2,
    "title": "On Writing",
    "titleSequence": 1,
    "workYear": "2000",
    "workYearSequence": 2
  },
  {
    "authorSequence": 2,
    "authors": [
      {
        "name": "Stephen King",
        "slug": "stephen-king",
        "sortName": "King, Stephen"
      }
    ],
    "edition": "Kindle",
    "includedInSlugs": [],
    "kind": "Nonfiction",
    "progress": "15%",
    "reviewed": true,
    "slug": "on-writing-by-stephen-king",
    "timelineDate": "2016-03-10",
    "timelineSequence": 1,
    "title": "On Writing",
    "titleSequence": 1,
    "workYear": "2000",
    "workYearSequence": 2
  }
]
